// Vitest Snapshot v1, https://vitest.dev/guide/snapshot.html

exports[`Reusable Button component usage > should render the button 1`] = `
<DocumentFragment>
  <button
    class="inline-flex items-center justify-center gap-2 whitespace-nowrap rounded-md text-sm font-medium transition-colors focus-visible:outline-none focus-visible:ring-1 focus-visible:ring-ring disabled:pointer-events-none disabled:opacity-50 [&_svg]:pointer-events-none [&_svg]:size-4 [&_svg]:shrink-0 bg-primary text-primary-foreground shadow hover:bg-primary/90 h-9 px-4 py-2"
  >
    Click me
  </button>
</DocumentFragment>
`;

exports[`Reusable Button component usage > should render the button with a onClick function state 1`] = `
<DocumentFragment>
  <button
    class="inline-flex items-center justify-center gap-2 whitespace-nowrap rounded-md text-sm font-medium transition-colors focus-visible:outline-none focus-visible:ring-1 focus-visible:ring-ring disabled:pointer-events-none disabled:opacity-50 [&_svg]:pointer-events-none [&_svg]:size-4 [&_svg]:shrink-0 bg-primary text-primary-foreground shadow hover:bg-primary/90 h-9 px-4 py-2"
  >
    Click me
  </button>
</DocumentFragment>
`;
